d:\gary tsai\project\avalue\ap\demo\avaluewiki\gpio\c++\sample code\gpio\gpio\release\gpio.pch
d:\gary tsai\project\avalue\ap\demo\avaluewiki\gpio\c++\sample code\gpio\gpio\release\vc140.pdb
d:\gary tsai\project\avalue\ap\demo\avaluewiki\gpio\c++\sample code\gpio\gpio\release\stdafx.obj
d:\gary tsai\project\avalue\ap\demo\avaluewiki\gpio\c++\sample code\gpio\gpio\release\gpio.obj
d:\gary tsai\project\avalue\ap\demo\avaluewiki\gpio\c++\sample code\gpio\release\gpio.exe
d:\gary tsai\project\avalue\ap\demo\avaluewiki\gpio\c++\sample code\gpio\release\gpio.ipdb
d:\gary tsai\project\avalue\ap\demo\avaluewiki\gpio\c++\sample code\gpio\release\gpio.iobj
d:\gary tsai\project\avalue\ap\demo\avaluewiki\gpio\c++\sample code\gpio\release\gpio.pdb
d:\gary tsai\project\avalue\ap\demo\avaluewiki\gpio\c++\gpio\gpio\release\gpio.obj
d:\gary tsai\project\avalue\ap\demo\avaluewiki\gpio\c++\gpio\gpio\release\stdafx.obj
d:\gary tsai\project\avalue\ap\demo\avaluewiki\gpio\c++\gpio\gpio\release\gpio.pch
d:\gary tsai\project\avalue\ap\demo\avaluewiki\gpio\c++\gpio\gpio\release\vc140.pdb
d:\gary tsai\project\avalue\ap\demo\avaluewiki\gpio\c++\gpio\release\gpio.pdb
d:\gary tsai\project\avalue\ap\demo\avaluewiki\gpio\c++\gpio\release\gpio.exe
d:\gary tsai\project\avalue\ap\demo\avaluewiki\gpio\c++\gpio\gpio\release\gpio.tlog\cl.command.1.tlog
d:\gary tsai\project\avalue\ap\demo\avaluewiki\gpio\c++\gpio\gpio\release\gpio.tlog\cl.read.1.tlog
d:\gary tsai\project\avalue\ap\demo\avaluewiki\gpio\c++\gpio\gpio\release\gpio.tlog\cl.write.1.tlog
d:\gary tsai\project\avalue\ap\demo\avaluewiki\gpio\c++\gpio\gpio\release\gpio.tlog\link.command.1.tlog
d:\gary tsai\project\avalue\ap\demo\avaluewiki\gpio\c++\gpio\gpio\release\gpio.tlog\link.read.1.tlog
d:\gary tsai\project\avalue\ap\demo\avaluewiki\gpio\c++\gpio\gpio\release\gpio.tlog\link.write.1.tlog
