d:\gary tsai\project\avalue\ap\demo\上傳wiki的版本\unmanaged\lcd\lcd\release\lcd.pch
d:\gary tsai\project\avalue\ap\demo\上傳wiki的版本\unmanaged\lcd\lcd\release\vc140.pdb
d:\gary tsai\project\avalue\ap\demo\上傳wiki的版本\unmanaged\lcd\lcd\release\stdafx.obj
d:\gary tsai\project\avalue\ap\demo\上傳wiki的版本\unmanaged\lcd\lcd\release\lcd.obj
d:\gary tsai\project\avalue\ap\demo\avaluewiki\lcd\unmanaged\sample code\lcd\lcd\release\lcd.pch
d:\gary tsai\project\avalue\ap\demo\avaluewiki\lcd\unmanaged\sample code\lcd\lcd\release\vc140.pdb
d:\gary tsai\project\avalue\ap\demo\avaluewiki\lcd\unmanaged\sample code\lcd\lcd\release\stdafx.obj
d:\gary tsai\project\avalue\ap\demo\avaluewiki\lcd\unmanaged\sample code\lcd\lcd\release\lcd.obj
d:\gary tsai\project\avalue\ap\demo\上傳wiki的版本\unmanaged\lcd\release\lcd.exe
d:\gary tsai\project\avalue\ap\demo\上傳wiki的版本\unmanaged\lcd\release\lcd.ipdb
d:\gary tsai\project\avalue\ap\demo\上傳wiki的版本\unmanaged\lcd\release\lcd.iobj
d:\gary tsai\project\avalue\ap\demo\上傳wiki的版本\unmanaged\lcd\release\lcd.pdb
d:\gary tsai\project\avalue\ap\demo\avaluewiki\lcd\unmanaged\sample code\lcd\release\lcd.exe
d:\gary tsai\project\avalue\ap\demo\avaluewiki\lcd\unmanaged\sample code\lcd\release\lcd.ipdb
d:\gary tsai\project\avalue\ap\demo\avaluewiki\lcd\unmanaged\sample code\lcd\release\lcd.iobj
d:\gary tsai\project\avalue\ap\demo\avaluewiki\lcd\unmanaged\sample code\lcd\release\lcd.pdb
d:\gary tsai\project\avalue\ap\demo\avaluewiki\lcd\c++\lcd\lcd\release\lcd.obj
d:\gary tsai\project\avalue\ap\demo\avaluewiki\lcd\c++\lcd\lcd\release\stdafx.obj
d:\gary tsai\project\avalue\ap\demo\avaluewiki\lcd\c++\lcd\lcd\release\lcd.pch
d:\gary tsai\project\avalue\ap\demo\avaluewiki\lcd\c++\lcd\lcd\release\vc140.pdb
d:\gary tsai\project\avalue\ap\demo\avaluewiki\lcd\c++\lcd\release\lcd.pdb
d:\gary tsai\project\avalue\ap\demo\avaluewiki\lcd\c++\lcd\release\lcd.exe
d:\gary tsai\project\avalue\ap\demo\avaluewiki\lcd\c++\lcd\lcd\release\lcd.tlog\cl.command.1.tlog
d:\gary tsai\project\avalue\ap\demo\avaluewiki\lcd\c++\lcd\lcd\release\lcd.tlog\cl.read.1.tlog
d:\gary tsai\project\avalue\ap\demo\avaluewiki\lcd\c++\lcd\lcd\release\lcd.tlog\cl.write.1.tlog
d:\gary tsai\project\avalue\ap\demo\avaluewiki\lcd\c++\lcd\lcd\release\lcd.tlog\link.command.1.tlog
d:\gary tsai\project\avalue\ap\demo\avaluewiki\lcd\c++\lcd\lcd\release\lcd.tlog\link.read.1.tlog
d:\gary tsai\project\avalue\ap\demo\avaluewiki\lcd\c++\lcd\lcd\release\lcd.tlog\link.write.1.tlog
