d:\gary tsai\project\avalue\ap\demo\上傳wiki的版本\unmanaged\wdt\wdt\release\wdt.pch
d:\gary tsai\project\avalue\ap\demo\上傳wiki的版本\unmanaged\wdt\wdt\release\vc140.pdb
d:\gary tsai\project\avalue\ap\demo\上傳wiki的版本\unmanaged\wdt\wdt\release\stdafx.obj
d:\gary tsai\project\avalue\ap\demo\上傳wiki的版本\unmanaged\wdt\wdt\release\wdt.obj
d:\gary tsai\project\avalue\ap\demo\avaluewiki\wdt\unmanaged\sample code\wdt\wdt\release\wdt.pch
d:\gary tsai\project\avalue\ap\demo\avaluewiki\wdt\unmanaged\sample code\wdt\wdt\release\vc140.pdb
d:\gary tsai\project\avalue\ap\demo\avaluewiki\wdt\unmanaged\sample code\wdt\wdt\release\stdafx.obj
d:\gary tsai\project\avalue\ap\demo\avaluewiki\wdt\unmanaged\sample code\wdt\wdt\release\wdt.obj
d:\gary tsai\project\avalue\ap\demo\上傳wiki的版本\unmanaged\wdt\release\wdt.exe
d:\gary tsai\project\avalue\ap\demo\上傳wiki的版本\unmanaged\wdt\release\wdt.ipdb
d:\gary tsai\project\avalue\ap\demo\上傳wiki的版本\unmanaged\wdt\release\wdt.iobj
d:\gary tsai\project\avalue\ap\demo\上傳wiki的版本\unmanaged\wdt\release\wdt.pdb
d:\gary tsai\project\avalue\ap\demo\avaluewiki\wdt\unmanaged\sample code\wdt\release\wdt.exe
d:\gary tsai\project\avalue\ap\demo\avaluewiki\wdt\unmanaged\sample code\wdt\release\wdt.ipdb
d:\gary tsai\project\avalue\ap\demo\avaluewiki\wdt\unmanaged\sample code\wdt\release\wdt.iobj
d:\gary tsai\project\avalue\ap\demo\avaluewiki\wdt\unmanaged\sample code\wdt\release\wdt.pdb
d:\gary tsai\project\avalue\ap\demo\avaluewiki\wdt\c++\wdt\wdt\release\stdafx.obj
d:\gary tsai\project\avalue\ap\demo\avaluewiki\wdt\c++\wdt\wdt\release\wdt.obj
d:\gary tsai\project\avalue\ap\demo\avaluewiki\wdt\c++\wdt\wdt\release\wdt.pch
d:\gary tsai\project\avalue\ap\demo\avaluewiki\wdt\c++\wdt\wdt\release\vc140.pdb
d:\gary tsai\project\avalue\ap\demo\avaluewiki\wdt\c++\wdt\release\wdt.pdb
d:\gary tsai\project\avalue\ap\demo\avaluewiki\wdt\c++\wdt\release\wdt.exe
d:\gary tsai\project\avalue\ap\demo\avaluewiki\wdt\c++\wdt\wdt\release\wdt.tlog\cl.command.1.tlog
d:\gary tsai\project\avalue\ap\demo\avaluewiki\wdt\c++\wdt\wdt\release\wdt.tlog\cl.read.1.tlog
d:\gary tsai\project\avalue\ap\demo\avaluewiki\wdt\c++\wdt\wdt\release\wdt.tlog\cl.write.1.tlog
d:\gary tsai\project\avalue\ap\demo\avaluewiki\wdt\c++\wdt\wdt\release\wdt.tlog\link.command.1.tlog
d:\gary tsai\project\avalue\ap\demo\avaluewiki\wdt\c++\wdt\wdt\release\wdt.tlog\link.read.1.tlog
d:\gary tsai\project\avalue\ap\demo\avaluewiki\wdt\c++\wdt\wdt\release\wdt.tlog\link.write.1.tlog
