d:\gary tsai\project\avalue\ap\demo\avaluewiki\info\unmanaged\sample code\info\info\release\info.pch
d:\gary tsai\project\avalue\ap\demo\avaluewiki\info\unmanaged\sample code\info\info\release\vc140.pdb
d:\gary tsai\project\avalue\ap\demo\avaluewiki\info\unmanaged\sample code\info\info\release\stdafx.obj
d:\gary tsai\project\avalue\ap\demo\avaluewiki\info\unmanaged\sample code\info\info\release\info.obj
d:\gary tsai\project\avalue\ap\demo\avaluewiki\info\unmanaged\sample code\info\release\info.exe
d:\gary tsai\project\avalue\ap\demo\avaluewiki\info\unmanaged\sample code\info\release\info.ipdb
d:\gary tsai\project\avalue\ap\demo\avaluewiki\info\unmanaged\sample code\info\release\info.iobj
d:\gary tsai\project\avalue\ap\demo\avaluewiki\info\unmanaged\sample code\info\release\info.pdb
d:\gary tsai\project\avalue\ap\demo\avaluewiki\info\c++\info\info\release\info.obj
d:\gary tsai\project\avalue\ap\demo\avaluewiki\info\c++\info\info\release\stdafx.obj
d:\gary tsai\project\avalue\ap\demo\avaluewiki\info\c++\info\info\release\info.pch
d:\gary tsai\project\avalue\ap\demo\avaluewiki\info\c++\info\info\release\vc140.pdb
d:\gary tsai\project\avalue\ap\demo\avaluewiki\info\c++\info\release\info.pdb
d:\gary tsai\project\avalue\ap\demo\avaluewiki\info\c++\info\release\info.exe
d:\gary tsai\project\avalue\ap\demo\avaluewiki\info\c++\info\info\release\info.tlog\cl.command.1.tlog
d:\gary tsai\project\avalue\ap\demo\avaluewiki\info\c++\info\info\release\info.tlog\cl.read.1.tlog
d:\gary tsai\project\avalue\ap\demo\avaluewiki\info\c++\info\info\release\info.tlog\cl.write.1.tlog
d:\gary tsai\project\avalue\ap\demo\avaluewiki\info\c++\info\info\release\info.tlog\link.command.1.tlog
d:\gary tsai\project\avalue\ap\demo\avaluewiki\info\c++\info\info\release\info.tlog\link.read.1.tlog
d:\gary tsai\project\avalue\ap\demo\avaluewiki\info\c++\info\info\release\info.tlog\link.write.1.tlog
