d:\gary tsai\project\avalue\ap\demo\上傳wiki的版本\unmanaged\hwm\hwm\release\hwm.pch
d:\gary tsai\project\avalue\ap\demo\上傳wiki的版本\unmanaged\hwm\hwm\release\vc140.pdb
d:\gary tsai\project\avalue\ap\demo\上傳wiki的版本\unmanaged\hwm\hwm\release\stdafx.obj
d:\gary tsai\project\avalue\ap\demo\上傳wiki的版本\unmanaged\hwm\hwm\release\hwm.obj
d:\gary tsai\project\avalue\ap\demo\avaluewiki\hwm\unmanaged\sample code\hwm\hwm\release\hwm.pch
d:\gary tsai\project\avalue\ap\demo\avaluewiki\hwm\unmanaged\sample code\hwm\hwm\release\vc140.pdb
d:\gary tsai\project\avalue\ap\demo\avaluewiki\hwm\unmanaged\sample code\hwm\hwm\release\stdafx.obj
d:\gary tsai\project\avalue\ap\demo\avaluewiki\hwm\unmanaged\sample code\hwm\hwm\release\hwm.obj
d:\gary tsai\project\avalue\ap\demo\上傳wiki的版本\unmanaged\hwm\release\hwm.exe
d:\gary tsai\project\avalue\ap\demo\上傳wiki的版本\unmanaged\hwm\release\hwm.ipdb
d:\gary tsai\project\avalue\ap\demo\上傳wiki的版本\unmanaged\hwm\release\hwm.iobj
d:\gary tsai\project\avalue\ap\demo\上傳wiki的版本\unmanaged\hwm\release\hwm.pdb
d:\gary tsai\project\avalue\ap\demo\avaluewiki\hwm\unmanaged\sample code\hwm\release\hwm.exe
d:\gary tsai\project\avalue\ap\demo\avaluewiki\hwm\unmanaged\sample code\hwm\release\hwm.ipdb
d:\gary tsai\project\avalue\ap\demo\avaluewiki\hwm\unmanaged\sample code\hwm\release\hwm.iobj
d:\gary tsai\project\avalue\ap\demo\avaluewiki\hwm\unmanaged\sample code\hwm\release\hwm.pdb
d:\gary tsai\project\avalue\ap\demo\avaluewiki\hwm\c++\hwm\hwm\release\hwm.obj
d:\gary tsai\project\avalue\ap\demo\avaluewiki\hwm\c++\hwm\hwm\release\stdafx.obj
d:\gary tsai\project\avalue\ap\demo\avaluewiki\hwm\c++\hwm\hwm\release\hwm.pch
d:\gary tsai\project\avalue\ap\demo\avaluewiki\hwm\c++\hwm\hwm\release\vc140.pdb
d:\gary tsai\project\avalue\ap\demo\avaluewiki\hwm\c++\hwm\release\hwm.pdb
d:\gary tsai\project\avalue\ap\demo\avaluewiki\hwm\c++\hwm\release\hwm.exe
d:\gary tsai\project\avalue\ap\demo\avaluewiki\hwm\c++\hwm\hwm\release\hwm.tlog\cl.command.1.tlog
d:\gary tsai\project\avalue\ap\demo\avaluewiki\hwm\c++\hwm\hwm\release\hwm.tlog\cl.read.1.tlog
d:\gary tsai\project\avalue\ap\demo\avaluewiki\hwm\c++\hwm\hwm\release\hwm.tlog\cl.write.1.tlog
d:\gary tsai\project\avalue\ap\demo\avaluewiki\hwm\c++\hwm\hwm\release\hwm.tlog\link.command.1.tlog
d:\gary tsai\project\avalue\ap\demo\avaluewiki\hwm\c++\hwm\hwm\release\hwm.tlog\link.read.1.tlog
d:\gary tsai\project\avalue\ap\demo\avaluewiki\hwm\c++\hwm\hwm\release\hwm.tlog\link.write.1.tlog
